// Jest Snapshot v1, https://goo.gl/fbAQLP

exports[`should mount with merchant bids 1`] = `
<div>
  <WithStyles(Table)>
    <TableHead
      component="thead"
    >
      <WithStyles(TableRow)>
        <WithStyles(TableCell)>
          Bid Id
        </WithStyles(TableCell)>
        <WithStyles(TableCell)
          numeric={true}
        >
          Car Title
        </WithStyles(TableCell)>
        <WithStyles(TableCell)
          numeric={true}
          sortDirection="asc"
        >
          <WithStyles(TableSortLabel)
            active={true}
            direction="asc"
            onClick={[Function]}
          >
            Amount
          </WithStyles(TableSortLabel)>
        </WithStyles(TableCell)>
        <WithStyles(TableCell)
          numeric={true}
          sortDirection={false}
        >
          <WithStyles(TableSortLabel)
            active={false}
            direction="asc"
            onClick={[Function]}
          >
            Created
          </WithStyles(TableSortLabel)>
        </WithStyles(TableCell)>
      </WithStyles(TableRow)>
    </TableHead>
    <TableBody
      component="tbody"
    >
      <WithStyles(TableRow)>
        <WithStyles(TableCell)>
          1
        </WithStyles(TableCell)>
        <WithStyles(TableCell)>
          title1
        </WithStyles(TableCell)>
        <WithStyles(TableCell)>
          1
        </WithStyles(TableCell)>
        <WithStyles(TableCell)>
          01/01/01
        </WithStyles(TableCell)>
      </WithStyles(TableRow)>
      <WithStyles(TableRow)>
        <WithStyles(TableCell)>
          2
        </WithStyles(TableCell)>
        <WithStyles(TableCell)>
          title2
        </WithStyles(TableCell)>
        <WithStyles(TableCell)>
          2
        </WithStyles(TableCell)>
        <WithStyles(TableCell)>
          02/02/02
        </WithStyles(TableCell)>
      </WithStyles(TableRow)>
    </TableBody>
  </WithStyles(Table)>
</div>
`;

exports[`should shallow mount and match matchsnapshot BidsDialogComponent 1`] = `
<div>
  No Bids
</div>
`;

exports[`should shallow mount with no merchant bids 1`] = `
<div>
  <a
    href=""
    onClick={[Function]}
  >
    <WithStyles(Typography)>
      2 Bids
    </WithStyles(Typography)>
  </a>
  <WithStyles(Dialog)
    aria-labelledby="simple-dialog-title"
    onClose={[Function]}
    open={false}
  >
    <WithStyles(DialogTitle)
      id="simple-dialog-title"
    >
      Bids by undefined undefined
    </WithStyles(DialogTitle)>
    <BidsDialogComponentList
      classes={Object {}}
      displayBids={
        Array [
          Object {
            "amount": 1,
            "carTitle": "title1",
            "created": "01/01/01",
            "id": "1",
          },
          Object {
            "amount": 2,
            "carTitle": "title2",
            "created": "02/02/02",
            "id": "2",
          },
        ]
      }
      handleHeaderSort={[Function]}
      order="asc"
      orderBy="amount"
      sortBidLabel="amount"
    />
  </WithStyles(Dialog)>
</div>
`;
